#./src/main/resources/Entities.map
#Tue May 21 17:37:19 CEST 2019
messageBoxAd-inbox=142
messageBoxCa4-spambox=195
messageBoxCa1-trashbox=178
messageBoxCa2-outbox=182
vehicle8=254
messageBoxCa4-outbox=194
vehicle7=253
vehicle6=252
socialProfile10=222
vehicle5=251
messageBoxCa2-spambox=183
vehicle4=250
vehicle3=249
vehicle2=248
messageBoxCa4-notibox=197
vehicle1=247
messageBoxCa2-notibox=185
finder4=231
finder3=224
finder2=214
finder1=203
messageBoxCus2-outbox=216
messageBoxCus4-outbox=233
town8=246
town7=245
messageBoxAU1-inbox=149
town6=244
town5=243
town4=242
town3=241
town2=240
messageBoxCa3-trashbox=190
town1=239
messageBoxCa4-inbox=193
messageBoxCus3-spambox=227
messageBoxCus3-notibox=229
messageBoxCus2-trashbox=218
messageBoxAU4-outbox=170
userAccount13=140
userAccount12=139
userAccount11=138
messageBoxCus4-trashbox=235
userAccount10=137
messageBoxCa3-inbox=187
messageBoxCus4-inbox=232
messageBoxCus1-spambox=206
socialProfile9=221
socialProfile8=220
messageBoxAd-spambox=145
socialProfile7=212
socialProfile6=211
socialProfile5=210
socialProfile4=209
messageBoxAU3-spambox=165
socialProfile3=161
messageBoxCus1-notibox=208
messageBoxAU2-outbox=157
socialProfile2=154
socialProfile1=147
messageBoxAd-notibox=146
messageBoxAU1-spambox=151
messageBoxAU3-notibox=167
messageBoxAU2-trashbox=159
messageBoxAU1-notibox=153
messageBoxCa2-inbox=181
messageBoxAU4-trashbox=172
messageBoxCa3-outbox=188
configuration1=201
messageBoxCa3-spambox=189
administrator=141
messageBoxCa2-trashbox=184
messageBoxCa1-spambox=177
messageBoxCus3-inbox=225
customer4=230
messageBoxCa3-notibox=191
customer3=223
messageBoxCa1-outbox=176
customer2=213
customer1=202
messageBoxCa1-notibox=179
messageBoxAU4-inbox=169
messageBoxCus4-spambox=234
messageBoxCus1-outbox=205
messageBoxCus3-outbox=226
messageBoxCa4-trashbox=196
messageBoxCa1-inbox=175
messageBoxCus2-inbox=215
messageBoxCus2-spambox=217
messageBoxCus4-notibox=236
messageBoxCus1-trashbox=207
category3=200
messageBoxCus2-notibox=219
category2=199
category1=198
messageBoxAU3-inbox=163
messageBoxCus3-trashbox=228
messageBoxAU1-trashbox=152
messageBoxAU3-outbox=164
package2=238
messageBoxAU4-spambox=171
package1=237
messageBoxAU2-spambox=158
messageBoxAU2-inbox=156
messageBoxAU4-notibox=173
userAccount9=136
userAccount8=135
userAccount7=134
messageBoxAd-trashbox=144
carrier4=192
userAccount6=133
carrier3=186
userAccount5=132
carrier2=180
messageBoxAU2-notibox=160
userAccount4=131
carrier1=174
messageBoxAU1-outbox=150
userAccount3=130
userAccount2=129
messageBoxCus1-inbox=204
userAccount1=128
messageBoxAU3-trashbox=166
messageBoxAd-outbox=143
auditor4=168
auditor3=162
auditor2=155
auditor1=148
